
1. train.py startup path for every new config
  [[92mPASS[0m] concat: wandb.init + param print  pacint-tuev-concat
  [[92mPASS[0m] tuab_measured: wandb.init + param print  pacint-tuab-measured
  [[92mPASS[0m] tusz_measured: wandb.init + param print  pacint-tusz-measured

2. Config deltas are exactly what's intended
  [[92mPASS[0m] concat: delta vs raw baseline ⊆ ['interaction_mode', 'pac_token_mode', 'tokenizer_mode', 'wandb_run_name']  ['interaction_mode', 'pac_token_mode', 'tokenizer_mode', 'wandb_run_name']
  [[92mPASS[0m] tuab_measured: delta vs its raw baseline ⊆ ['pac_token_mode', 'tokenizer_mode', 'wandb_run_name']  ['pac_token_mode', 'tokenizer_mode', 'wandb_run_name']
  [[92mPASS[0m] tusz_measured: delta vs its raw baseline ⊆ ['pac_token_mode', 'tokenizer_mode', 'wandb_run_name']  ['pac_token_mode', 'tokenizer_mode', 'wandb_run_name']

3. Parameter counts -- concat is expected to have MORE (documented, not hidden)
  [[92mPASS[0m] raw == measured (both 1,635,734)  raw=1,635,734 measured=1,635,734
  [[92mPASS[0m] concat has EXACTLY the concat_proj's extra params, nothing more  concat=1,660,438 measured=1,635,734 extra=24,704 (expected 24,704, 1.51% of measured)
  [[92mPASS[0m] tuab_measured: params == its raw baseline (1,635,218)  got 1,635,218
  [[92mPASS[0m] tusz_measured: params == its raw baseline (1,635,218)  got 1,635,218

4. Forward/backward finite, gradient reaches concat_proj specifically
  [[92mPASS[0m] concat: finite loss  loss=2.2670
  [[92mPASS[0m] concat_proj.weight has finite non-zero grad
  [[92mPASS[0m] tuab_measured: finite loss, frontend reached  loss=0.6835 frontend params w/ grad=6
  [[92mPASS[0m] tusz_measured: finite loss, frontend reached  loss=0.6937 frontend params w/ grad=6

5. Gauge invariance -- concat inherits it from aligned_phase (bands 1..n)
  [[92mPASS[0m] concat: bands 1..n are phase-reference invariant  max|diff| = 6.18e-07
  [[92mPASS[0m] concat: band 0 (root) DOES move -> shift really applied  max|diff| = 1.0734

==================================================================
[92mPASS[0m  all checks green
EXIT=0
